// Jest Snapshot v1, https://goo.gl/fbAQLP

exports[`App Toggle todos filter 1`] = `
Object {
  "asFragment": [Function],
  "baseElement": <body>
    <div>
      <article
        class="todos__wrapper"
      >
        <h1>
          todos
        </h1>
        <form
          class="todos__form"
          data-testid="todos__form"
          name="todos__form"
        >
          <label
            for="newTodo"
          >
            <input
              autocomplete="off"
              id="newTodo"
              name="newTodo"
              placeholder="What needs to be done?"
              value=""
            />
          </label>
        </form>
        <ul
          class="todos__list"
          data-testid="todos__list"
        >
          <li
            class="todo__item"
          >
            Second task
          </li>
        </ul>
        <section
          class="todos__filter"
        >
          <div
            class="todos__left"
          >
            1
             items left
          </div>
          <ul
            class="todos__filters"
            data-testid="todos__filter"
          >
            <li
              class=""
            >
              All
            </li>
            <li
              class="toggled"
            >
              Active
            </li>
            <li
              class=""
            >
              Completed
            </li>
          </ul>
          <div
            class="todos__clearCompleted"
          >
            Clear completed
          </div>
        </section>
      </article>
    </div>
  </body>,
  "container": <div>
    <article
      class="todos__wrapper"
    >
      <h1>
        todos
      </h1>
      <form
        class="todos__form"
        data-testid="todos__form"
        name="todos__form"
      >
        <label
          for="newTodo"
        >
          <input
            autocomplete="off"
            id="newTodo"
            name="newTodo"
            placeholder="What needs to be done?"
            value=""
          />
        </label>
      </form>
      <ul
        class="todos__list"
        data-testid="todos__list"
      >
        <li
          class="todo__item"
        >
          Second task
        </li>
      </ul>
      <section
        class="todos__filter"
      >
        <div
          class="todos__left"
        >
          1
           items left
        </div>
        <ul
          class="todos__filters"
          data-testid="todos__filter"
        >
          <li
            class=""
          >
            All
          </li>
          <li
            class="toggled"
          >
            Active
          </li>
          <li
            class=""
          >
            Completed
          </li>
        </ul>
        <div
          class="todos__clearCompleted"
        >
          Clear completed
        </div>
      </section>
    </article>
  </div>,
  "debug": [Function],
  "findAllByAltText": [Function],
  "findAllByDisplayValue": [Function],
  "findAllByLabelText": [Function],
  "findAllByPlaceholderText": [Function],
  "findAllByRole": [Function],
  "findAllByTestId": [Function],
  "findAllByText": [Function],
  "findAllByTitle": [Function],
  "findByAltText": [Function],
  "findByDisplayValue": [Function],
  "findByLabelText": [Function],
  "findByPlaceholderText": [Function],
  "findByRole": [Function],
  "findByTestId": [Function],
  "findByText": [Function],
  "findByTitle": [Function],
  "getAllByAltText": [Function],
  "getAllByDisplayValue": [Function],
  "getAllByLabelText": [Function],
  "getAllByPlaceholderText": [Function],
  "getAllByRole": [Function],
  "getAllByTestId": [Function],
  "getAllByText": [Function],
  "getAllByTitle": [Function],
  "getByAltText": [Function],
  "getByDisplayValue": [Function],
  "getByLabelText": [Function],
  "getByPlaceholderText": [Function],
  "getByRole": [Function],
  "getByTestId": [Function],
  "getByText": [Function],
  "getByTitle": [Function],
  "queryAllByAltText": [Function],
  "queryAllByDisplayValue": [Function],
  "queryAllByLabelText": [Function],
  "queryAllByPlaceholderText": [Function],
  "queryAllByRole": [Function],
  "queryAllByTestId": [Function],
  "queryAllByText": [Function],
  "queryAllByTitle": [Function],
  "queryByAltText": [Function],
  "queryByDisplayValue": [Function],
  "queryByLabelText": [Function],
  "queryByPlaceholderText": [Function],
  "queryByRole": [Function],
  "queryByTestId": [Function],
  "queryByText": [Function],
  "queryByTitle": [Function],
  "rerender": [Function],
  "unmount": [Function],
}
`;
